2025-08-05 09:36:18.973671: I tensorflow/core/util/port.cc:110] oneDNN custom operations are on. You may see slightly different numerical results due to floating-point round-off errors from different computation orders. To turn them off, set the environment variable `TF_ENABLE_ONEDNN_OPTS=0`.
2025-08-05 09:36:19.061879: I tensorflow/core/platform/cpu_feature_guard.cc:182] This TensorFlow binary is optimized to use available CPU instructions in performance-critical operations.
To enable the following instructions: AVX2 AVX512F AVX512_VNNI AVX512_BF16 FMA, in other operations, rebuild TensorFlow with the appropriate compiler flags.
2025-08-05 09:36:20.168070: W tensorflow/compiler/tf2tensorrt/utils/py_utils.cc:38] TF-TRT Warning: Could not find TensorRT
2025-08-05 09:36:21.178 | INFO | PID:158 | trainer.__init__:32 - learner train process start at pid is 158
2025-08-05 09:36:21.181 | INFO | PID:158 | replay_buffer_wrapper.__init__:58 - learner train replaybuff, use reverb
[reverb/cc/platform/tfrecord_checkpointer.cc:162]  Initializing TFRecordCheckpointer in /tmp/tmptt0blugv.
[reverb/cc/platform/tfrecord_checkpointer.cc:567] Loading latest checkpoint from /tmp/tmptt0blugv
[reverb/cc/platform/default/server.cc:71] Started replay server on port 9999
2025-08-05 09:36:21.201 | INFO | PID:158 | model_file_save.start_actor_process_by_type:776 - learner model_file_save process start, type is 0, no need get mode file from cos
2025-08-05 09:36:21.227 | INFO | PID:240 | monitor_proxy_process.before_run:73 - learner monitor_proxy process start success at pid is 240
/data/projects/back_to_the_realm_v2/agent_target_dqn/model/model.py:82: UserWarning: nn.init.orthogonal is now deprecated in favor of nn.init.orthogonal_.
  nn.init.orthogonal(fc_layer.weight)
2025-08-05 09:36:22.068 | INFO | PID:158 | model_wrapper_common.create_standard_model_wrapper:99 - learner policy_name train_one, algo target_dqn, model_wrapper is StandardModelWrapperPytorch
2025-08-05 09:36:22.092 | INFO | PID:261 | model_file_sync.before_run:189 - learner model_file_sync, use modelpool, use_which_deep_learning_framework is pytorch
2025-08-05 09:36:22.091 | INFO | PID:158 | on_policy_trainer.before_run:691 - learner train zmq server on learner bind at 0.0.0.0:9997 for aisrv
2025-08-05 09:36:22.093 | INFO | PID:261 | model_file_sync.before_run:195 - model_file_sync process pid is 261
2025-08-05 09:36:22.095 | INFO | PID:261 | model_file_sync.make_model_dirs:153 - model_file_sync mkdir /data/ckpt/back_to_the_realm_v2_target_dqn/convert_models_learner success
2025-08-05 09:36:22.096 | INFO | PID:261 | monitor_proxy.__init__:36 - learner ppid is 140566144657216
2025-08-05 09:36:22.102 | INFO | PID:262 | monitor_proxy.__init__:36 - learner ppid is 140566144657216
2025-08-05 09:36:22.104 | INFO | PID:262 | model_file_save.before_run:300 - model_file_save process start success at pid 262
2025-08-05 09:36:22.119 | INFO | PID:158 | agent.save_model:78 - learner save model /data/ckpt/back_to_the_realm_v2_target_dqn/model.ckpt-0.pkl successfully
2025-08-05 09:36:22.682 | INFO | PID:158 | model_file_sync.push_checkpoint_to_model_pool:560 - model_file_sync push output_file_name /data/ckpt/back_to_the_realm_v2_target_dqn/kaiwu_checkpoint_back_to_the_realm_v2_target_dqn_0.tar.gz key model.ckpt_back_to_the_realm_v2_target_dqn_0 to modelpool success,             total push to modelpool succ cnt is 1             total push to modelpool err cnt is 0
2025-08-05 09:36:22.683 | INFO | PID:158 | on_policy_trainer.before_run:723 - learner train first model file push to modelpool success
2025-08-05 09:36:22.684 | INFO | PID:158 | on_policy_trainer.before_run:756 - learner train process start success at 158, on-policy/off-policy is off-policy, target_dqn trainer global step -1.0, load app back_to_the_realm_v2 algo target_dqn model, train_batch_size is 2048
2025-08-05 09:36:22.687 | INFO | PID:158 | reverb_dataset_v1.start_background_filler:57 - learner start_background_filler success, reverb.Client connect at localhost:9999
[reverb/cc/client.cc:165] Sampler and server are owned by the same process (158) so Table reverb_replay_buffer_table_0 is accessed directly without gRPC.
